{
  "filters_used": [
    {
      "path": "detect_secrets.filters.allowlist.is_line_allowlisted"
    },
    {
      "filename": ".secrets.baseline",
      "path": "detect_secrets.filters.common.is_baseline_file"
    },
    {
      "min_level": 2,
      "path": "detect_secrets.filters.common.is_ignored_due_to_verification_policies"
    },
    {
      "path": "detect_secrets.filters.heuristic.is_indirect_reference"
    },
    {
      "path": "detect_secrets.filters.heuristic.is_likely_id_string"
    },
    {
      "path": "detect_secrets.filters.heuristic.is_lock_file"
    },
    {
      "path": "detect_secrets.filters.heuristic.is_not_alphanumeric_string"
    },
    {
      "path": "detect_secrets.filters.heuristic.is_potential_uuid"
    },
    {
      "path": "detect_secrets.filters.heuristic.is_prefixed_with_dollar_sign"
    },
    {
      "path": "detect_secrets.filters.heuristic.is_sequential_string"
    },
    {
      "path": "detect_secrets.filters.heuristic.is_swagger_file"
    },
    {
      "path": "detect_secrets.filters.heuristic.is_templated_secret"
    },
    {
      "path": "detect_secrets.filters.regex.should_exclude_file",
      "pattern": [
        "^\\.venv/",
        "^\\.secrets\\.baseline$"
      ]
    }
  ],
  "generated_at": "2026-08-02T22:12:59Z",
  "plugins_used": [
    {
      "name": "ArtifactoryDetector"
    },
    {
      "name": "AWSKeyDetector"
    },
    {
      "name": "AzureStorageKeyDetector"
    },
    {
      "limit": 4.5,
      "name": "Base64HighEntropyString"
    },
    {
      "name": "BasicAuthDetector"
    },
    {
      "name": "CloudantDetector"
    },
    {
      "name": "DiscordBotTokenDetector"
    },
    {
      "name": "GitHubTokenDetector"
    },
    {
      "name": "GitLabTokenDetector"
    },
    {
      "limit": 3.0,
      "name": "HexHighEntropyString"
    },
    {
      "name": "IbmCloudIamDetector"
    },
    {
      "name": "IbmCosHmacDetector"
    },
    {
      "name": "IPPublicDetector"
    },
    {
      "name": "JwtTokenDetector"
    },
    {
      "keyword_exclude": "",
      "name": "KeywordDetector"
    },
    {
      "name": "MailchimpDetector"
    },
    {
      "name": "NpmDetector"
    },
    {
      "name": "OpenAIDetector"
    },
    {
      "name": "PrivateKeyDetector"
    },
    {
      "name": "PypiTokenDetector"
    },
    {
      "name": "SendGridDetector"
    },
    {
      "name": "SlackDetector"
    },
    {
      "name": "SoftlayerDetector"
    },
    {
      "name": "SquareOAuthDetector"
    },
    {
      "name": "StripeDetector"
    },
    {
      "name": "TelegramBotTokenDetector"
    },
    {
      "name": "TwilioKeyDetector"
    }
  ],
  "results": {
    "results/execution_gates.json": [
      {
        "filename": "results/execution_gates.json",
        "hashed_secret": "4457c139bb720e3e47f54fb8a35f9008844e002e",
        "is_secret": false,
        "is_verified": false,
        "line_number": 2,
        "type": "Hex High Entropy String"
      },
      {
        "filename": "results/execution_gates.json",
        "hashed_secret": "8a648b5c40a21cbf32f2e2c5d74a23c1b29db895",
        "is_secret": false,
        "is_verified": false,
        "line_number": 3,
        "type": "Hex High Entropy String"
      }
    ],
    "results/final_execution_gates.json": [
      {
        "filename": "results/final_execution_gates.json",
        "hashed_secret": "4457c139bb720e3e47f54fb8a35f9008844e002e",
        "is_secret": false,
        "is_verified": false,
        "line_number": 2,
        "type": "Hex High Entropy String"
      },
      {
        "filename": "results/final_execution_gates.json",
        "hashed_secret": "8a648b5c40a21cbf32f2e2c5d74a23c1b29db895",
        "is_secret": false,
        "is_verified": false,
        "line_number": 3,
        "type": "Hex High Entropy String"
      }
    ],
    "results/first_qnm.json": [
      {
        "filename": "results/first_qnm.json",
        "hashed_secret": "d01b050dd3fc10efe3fb4f473b7b724742a6cd55",
        "is_secret": false,
        "is_verified": false,
        "line_number": 4,
        "type": "Hex High Entropy String"
      },
      {
        "filename": "results/first_qnm.json",
        "hashed_secret": "8a648b5c40a21cbf32f2e2c5d74a23c1b29db895",
        "is_secret": false,
        "is_verified": false,
        "line_number": 5,
        "type": "Hex High Entropy String"
      }
    ],
    "results/full_project_recovery.json": [
      {
        "filename": "results/full_project_recovery.json",
        "hashed_secret": "4457c139bb720e3e47f54fb8a35f9008844e002e",
        "is_secret": false,
        "is_verified": false,
        "line_number": 2,
        "type": "Hex High Entropy String"
      }
    ],
    "results/near_extremal_candidate.json": [
      {
        "filename": "results/near_extremal_candidate.json",
        "hashed_secret": "4cf2261b68f221d94c68ce7532e2e8bf7dae6e0d",
        "is_secret": false,
        "is_verified": false,
        "line_number": 4,
        "type": "Hex High Entropy String"
      }
    ],
    "results/numerical_closure_status.json": [
      {
        "filename": "results/numerical_closure_status.json",
        "hashed_secret": "ac947cddb1b625e396eb6aadc98dd3e2b1f607a0",
        "is_secret": false,
        "is_verified": false,
        "line_number": 3,
        "type": "Hex High Entropy String"
      },
      {
        "filename": "results/numerical_closure_status.json",
        "hashed_secret": "8a648b5c40a21cbf32f2e2c5d74a23c1b29db895",
        "is_secret": false,
        "is_verified": false,
        "line_number": 5,
        "type": "Hex High Entropy String"
      }
    ],
    "results/precision_validation.json": [
      {
        "filename": "results/precision_validation.json",
        "hashed_secret": "2964b33af7d1d128f36cecc2dad244b885da535e",
        "is_secret": false,
        "is_verified": false,
        "line_number": 4,
        "type": "Hex High Entropy String"
      },
      {
        "filename": "results/precision_validation.json",
        "hashed_secret": "8a648b5c40a21cbf32f2e2c5d74a23c1b29db895",
        "is_secret": false,
        "is_verified": false,
        "line_number": 5,
        "type": "Hex High Entropy String"
      }
    ],
    "results/recovery_state.json": [
      {
        "filename": "results/recovery_state.json",
        "hashed_secret": "b125b63c04a8ccc0ea9f9b46ec6ad61a7a1dd100",
        "is_secret": false,
        "is_verified": false,
        "line_number": 4,
        "type": "Hex High Entropy String"
      },
      {
        "filename": "results/recovery_state.json",
        "hashed_secret": "8a648b5c40a21cbf32f2e2c5d74a23c1b29db895",
        "is_secret": false,
        "is_verified": false,
        "line_number": 35,
        "type": "Hex High Entropy String"
      }
    ],
    "results/rejected_collisions.json": [
      {
        "filename": "results/rejected_collisions.json",
        "hashed_secret": "60380b2432f7f2beea6b0abdddbf04e5723296f1",
        "is_secret": false,
        "is_verified": false,
        "line_number": 4,
        "type": "Hex High Entropy String"
      }
    ],
    "results/rotating_validation.json": [
      {
        "filename": "results/rotating_validation.json",
        "hashed_secret": "2964b33af7d1d128f36cecc2dad244b885da535e",
        "is_secret": false,
        "is_verified": false,
        "line_number": 4,
        "type": "Hex High Entropy String"
      },
      {
        "filename": "results/rotating_validation.json",
        "hashed_secret": "8a648b5c40a21cbf32f2e2c5d74a23c1b29db895",
        "is_secret": false,
        "is_verified": false,
        "line_number": 5,
        "type": "Hex High Entropy String"
      }
    ],
    "results/rotating_validation_status.json": [
      {
        "filename": "results/rotating_validation_status.json",
        "hashed_secret": "2964b33af7d1d128f36cecc2dad244b885da535e",
        "is_secret": false,
        "is_verified": false,
        "line_number": 3,
        "type": "Hex High Entropy String"
      },
      {
        "filename": "results/rotating_validation_status.json",
        "hashed_secret": "8a648b5c40a21cbf32f2e2c5d74a23c1b29db895",
        "is_secret": false,
        "is_verified": false,
        "line_number": 6,
        "type": "Hex High Entropy String"
      }
    ],
    "results/symmetry_multiplets.json": [
      {
        "filename": "results/symmetry_multiplets.json",
        "hashed_secret": "d607c5305fcf0cf240569c4474ddd93b5d47f999",
        "is_secret": false,
        "is_verified": false,
        "line_number": 5,
        "type": "Hex High Entropy String"
      },
      {
        "filename": "results/symmetry_multiplets.json",
        "hashed_secret": "8a648b5c40a21cbf32f2e2c5d74a23c1b29db895",
        "is_secret": false,
        "is_verified": false,
        "line_number": 6,
        "type": "Hex High Entropy String"
      }
    ],
    "results/tail_validation.json": [
      {
        "filename": "results/tail_validation.json",
        "hashed_secret": "ac947cddb1b625e396eb6aadc98dd3e2b1f607a0",
        "is_secret": false,
        "is_verified": false,
        "line_number": 4,
        "type": "Hex High Entropy String"
      }
    ]
  },
  "version": "1.5.0"
}
