{
  "version": "1.5.0",
  "plugins_used": [
    {
      "name": "ArtifactoryDetector"
    },
    {
      "name": "AWSKeyDetector"
    },
    {
      "name": "AzureStorageKeyDetector"
    },
    {
      "name": "Base64HighEntropyString",
      "limit": 4.5
    },
    {
      "name": "BasicAuthDetector"
    },
    {
      "name": "CloudantDetector"
    },
    {
      "name": "DiscordBotTokenDetector"
    },
    {
      "name": "GitHubTokenDetector"
    },
    {
      "name": "GitLabTokenDetector"
    },
    {
      "name": "HexHighEntropyString",
      "limit": 3.0
    },
    {
      "name": "IbmCloudIamDetector"
    },
    {
      "name": "IbmCosHmacDetector"
    },
    {
      "name": "IPPublicDetector"
    },
    {
      "name": "JwtTokenDetector"
    },
    {
      "name": "KeywordDetector",
      "keyword_exclude": ""
    },
    {
      "name": "MailchimpDetector"
    },
    {
      "name": "NpmDetector"
    },
    {
      "name": "OpenAIDetector"
    },
    {
      "name": "PrivateKeyDetector"
    },
    {
      "name": "PypiTokenDetector"
    },
    {
      "name": "SendGridDetector"
    },
    {
      "name": "SlackDetector"
    },
    {
      "name": "SoftlayerDetector"
    },
    {
      "name": "SquareOAuthDetector"
    },
    {
      "name": "StripeDetector"
    },
    {
      "name": "TelegramBotTokenDetector"
    },
    {
      "name": "TwilioKeyDetector"
    }
  ],
  "filters_used": [
    {
      "path": "detect_secrets.filters.allowlist.is_line_allowlisted"
    },
    {
      "path": "detect_secrets.filters.common.is_baseline_file",
      "filename": ".secrets.baseline"
    },
    {
      "path": "detect_secrets.filters.common.is_ignored_due_to_verification_policies",
      "min_level": 2
    },
    {
      "path": "detect_secrets.filters.heuristic.is_indirect_reference"
    },
    {
      "path": "detect_secrets.filters.heuristic.is_likely_id_string"
    },
    {
      "path": "detect_secrets.filters.heuristic.is_lock_file"
    },
    {
      "path": "detect_secrets.filters.heuristic.is_not_alphanumeric_string"
    },
    {
      "path": "detect_secrets.filters.heuristic.is_potential_uuid"
    },
    {
      "path": "detect_secrets.filters.heuristic.is_prefixed_with_dollar_sign"
    },
    {
      "path": "detect_secrets.filters.heuristic.is_sequential_string"
    },
    {
      "path": "detect_secrets.filters.heuristic.is_swagger_file"
    },
    {
      "path": "detect_secrets.filters.heuristic.is_templated_secret"
    },
    {
      "path": "detect_secrets.filters.regex.should_exclude_file",
      "pattern": [
        "^\\.venv/"
      ]
    }
  ],
  "results": {
    ".github/workflows/ci.yml": [
      {
        "type": "Secret Keyword",
        "filename": ".github/workflows/ci.yml",
        "hashed_secret": "dc4194954f2623b1347e85b56c6cb146ddb15cc4",
        "is_verified": false,
        "line_number": 52
      }
    ],
    "results/recovery_state.json": [
      {
        "type": "Hex High Entropy String",
        "filename": "results/recovery_state.json",
        "hashed_secret": "b125b63c04a8ccc0ea9f9b46ec6ad61a7a1dd100",
        "is_verified": false,
        "line_number": 4,
        "is_secret": false
      },
      {
        "type": "Hex High Entropy String",
        "filename": "results/recovery_state.json",
        "hashed_secret": "8a648b5c40a21cbf32f2e2c5d74a23c1b29db895",
        "is_verified": false,
        "line_number": 35,
        "is_secret": false
      }
    ],
    "results/symmetry_multiplets.json": [
      {
        "type": "Hex High Entropy String",
        "filename": "results/symmetry_multiplets.json",
        "hashed_secret": "d607c5305fcf0cf240569c4474ddd93b5d47f999",
        "is_verified": false,
        "line_number": 5,
        "is_secret": false
      },
      {
        "type": "Hex High Entropy String",
        "filename": "results/symmetry_multiplets.json",
        "hashed_secret": "8a648b5c40a21cbf32f2e2c5d74a23c1b29db895",
        "is_verified": false,
        "line_number": 6,
        "is_secret": false
      }
    ]
  },
  "generated_at": "2026-08-01T18:38:46Z"
}
